{"ts":"2026-07-28 22:37:06,461","svc":"anticheat","level":"INFO","msg":"serving on 127.0.0.1:8015 via waitress (threads=16)"}
{"ts":"2026-07-28 22:37:06,486","svc":"anticheat","level":"INFO","msg":"Serving on http://127.0.0.1:8015"}
{"ts":"2026-07-28 23:03:48,697","svc":"anticheat","level":"ERROR","msg":"Unhandled error: (psycopg.errors.UniqueViolation) duplicate key value violates unique constraint "ix_proctor_sessions_exam_session_id"
DETAIL:  Key (exam_session_id)=(7ca71101-23c4-4ad0-bf50-5fc2720e6c0e) already exists.
[SQL: INSERT INTO proctor_sessions (id, exam_session_id, candidate_id, drive_id, fingerprint, ip, browser, violation_score, status, started_at) VALUES (%(id)s::VARCHAR, %(exam_session_id)s::VARCHAR, %(candidate_id)s::VARCHAR, %(drive_id)s::VARCHAR, %(fingerprint)s::VARCHAR, %(ip)s::VARCHAR, %(browser)s::VARCHAR, %(violation_score)s::INTEGER, %(status)s::VARCHAR, %(started_at)s::TIMESTAMP WITH TIME ZONE)]
[parameters: {'id': 'c413f5ab-678c-45e9-833d-a96648fcfb29', 'exam_session_id': '7ca71101-23c4-4ad0-bf50-5fc2720e6c0e', 'candidate_id': 'self', 'drive_id': None, 'fingerprint': None, 'ip': None, 'browser': None, 'violation_score': 0, 'status': 'active', 'started_at': datetime.datetime(2026, 7, 28, 17, 33, 48, 160554, tzinfo=datetime.timezone.utc)}]
(Background on this error at: https://sqlalche.me/e/20/gkpj)"}
Traceback (most recent call last):
  File "C:\Users\S Sameer\Desktop\Lare-lms\backend\.venv\Lib\site-packages\sqlalchemy\engine\base.py", line 1967, in _exec_single_context
    self.dialect.do_execute(
    ~~~~~~~~~~~~~~~~~~~~~~~^
        cursor, str_statement, effective_parameters, context
        ^^^^^^^^^^^^^^^^^^^^^^^^^^^^^^^^^^^^^^^^^^^^^^^^^^^^
    )
    ^
  File "C:\Users\S Sameer\Desktop\Lare-lms\backend\.venv\Lib\site-packages\sqlalchemy\engine\default.py", line 941, in do_execute
    cursor.execute(statement, parameters)
    ~~~~~~~~~~~~~~^^^^^^^^^^^^^^^^^^^^^^^
  File "C:\Users\S Sameer\Desktop\Lare-lms\backend\.venv\Lib\site-packages\psycopg\cursor.py", line 97, in execute
    raise ex.with_traceback(None)
psycopg.errors.UniqueViolation: duplicate key value violates unique constraint "ix_proctor_sessions_exam_session_id"
DETAIL:  Key (exam_session_id)=(7ca71101-23c4-4ad0-bf50-5fc2720e6c0e) already exists.

The above exception was the direct cause of the following exception:

Traceback (most recent call last):
  File "C:\Users\S Sameer\Desktop\Lare-lms\backend\.venv\Lib\site-packages\flask\app.py", line 917, in full_dispatch_request
    rv = self.dispatch_request()
  File "C:\Users\S Sameer\Desktop\Lare-lms\backend\.venv\Lib\site-packages\flask\app.py", line 902, in dispatch_request
    return self.ensure_sync(self.view_functions[rule.endpoint])(**view_args)  # type: ignore[no-any-return]
           ~~~~~~~~~~~~~~~~~~~~~~~~~~~~~~~~~~~~~~~~~~~~~~~~~~~~^^^^^^^^^^^^^
  File "C:\Users\S Sameer\Desktop\Lare-lms\backend\services\anticheat\app\routes.py", line 41, in start
    ps = _svc().start(s, data)
  File "C:\Users\S Sameer\Desktop\Lare-lms\backend\services\anticheat\app\service.py", line 43, in start
    s.flush()
    ~~~~~~~^^
  File "C:\Users\S Sameer\Desktop\Lare-lms\backend\.venv\Lib\site-packages\sqlalchemy\orm\session.py", line 4352, in flush
    self._flush(objects)
    ~~~~~~~~~~~^^^^^^^^^
  File "C:\Users\S Sameer\Desktop\Lare-lms\backend\.venv\Lib\site-packages\sqlalchemy\orm\session.py", line 4487, in _flush
    with util.safe_reraise():
         ~~~~~~~~~~~~~~~~~^^
  File "C:\Users\S Sameer\Desktop\Lare-lms\backend\.venv\Lib\site-packages\sqlalchemy\util\langhelpers.py", line 146, in __exit__
    raise exc_value.with_traceback(exc_tb)
  File "C:\Users\S Sameer\Desktop\Lare-lms\backend\.venv\Lib\site-packages\sqlalchemy\orm\session.py", line 4448, in _flush
    flush_context.execute()
    ~~~~~~~~~~~~~~~~~~~~~^^
  File "C:\Users\S Sameer\Desktop\Lare-lms\backend\.venv\Lib\site-packages\sqlalchemy\orm\unitofwork.py", line 466, in execute
    rec.execute(self)
    ~~~~~~~~~~~^^^^^^
  File "C:\Users\S Sameer\Desktop\Lare-lms\backend\.venv\Lib\site-packages\sqlalchemy\orm\unitofwork.py", line 642, in execute
    util.preloaded.orm_persistence.save_obj(
    ~~~~~~~~~~~~~~~~~~~~~~~~~~~~~~~~~~~~~~~^
        self.mapper,
        ^^^^^^^^^^^^
        uow.states_for_mapper_hierarchy(self.mapper, False, False),
        ^^^^^^^^^^^^^^^^^^^^^^^^^^^^^^^^^^^^^^^^^^^^^^^^^^^^^^^^^^^
        uow,
        ^^^^
    )
    ^
  File "C:\Users\S Sameer\Desktop\Lare-lms\backend\.venv\Lib\site-packages\sqlalchemy\orm\persistence.py", line 93, in save_obj
    _emit_insert_statements(
    ~~~~~~~~~~~~~~~~~~~~~~~^
        base_mapper,
        ^^^^^^^^^^^^
    ...<3 lines>...
        insert,
        ^^^^^^^
    )
    ^
  File "C:\Users\S Sameer\Desktop\Lare-lms\backend\.venv\Lib\site-packages\sqlalchemy\orm\persistence.py", line 1048, in _emit_insert_statements
    result = connection.execute(
        statement, multiparams, execution_options=execution_options
    )
  File "C:\Users\S Sameer\Desktop\Lare-lms\backend\.venv\Lib\site-packages\sqlalchemy\engine\base.py", line 1418, in execute
    return meth(
        self,
        distilled_parameters,
        execution_options or NO_OPTIONS,
    )
  File "C:\Users\S Sameer\Desktop\Lare-lms\backend\.venv\Lib\site-packages\sqlalchemy\sql\elements.py", line 515, in _execute_on_connection
    return connection._execute_clauseelement(
           ~~~~~~~~~~~~~~~~~~~~~~~~~~~~~~~~~^
        self, distilled_params, execution_options
        ^^^^^^^^^^^^^^^^^^^^^^^^^^^^^^^^^^^^^^^^^
    )
    ^
  File "C:\Users\S Sameer\Desktop\Lare-lms\backend\.venv\Lib\site-packages\sqlalchemy\engine\base.py", line 1640, in _execute_clauseelement
    ret = self._execute_context(
        dialect,
    ...<8 lines>...
        cache_hit=cache_hit,
    )
  File "C:\Users\S Sameer\Desktop\Lare-lms\backend\.venv\Lib\site-packages\sqlalchemy\engine\base.py", line 1846, in _execute_context
    return self._exec_single_context(
           ~~~~~~~~~~~~~~~~~~~~~~~~~^
        dialect, context, statement, parameters
        ^^^^^^^^^^^^^^^^^^^^^^^^^^^^^^^^^^^^^^^
    )
    ^
  File "C:\Users\S Sameer\Desktop\Lare-lms\backend\.venv\Lib\site-packages\sqlalchemy\engine\base.py", line 1986, in _exec_single_context
    self._handle_dbapi_exception(
    ~~~~~~~~~~~~~~~~~~~~~~~~~~~~^
        e, str_statement, effective_parameters, cursor, context
        ^^^^^^^^^^^^^^^^^^^^^^^^^^^^^^^^^^^^^^^^^^^^^^^^^^^^^^^
    )
    ^
  File "C:\Users\S Sameer\Desktop\Lare-lms\backend\.venv\Lib\site-packages\sqlalchemy\engine\base.py", line 2355, in _handle_dbapi_exception
    raise sqlalchemy_exception.with_traceback(exc_info[2]) from e
  File "C:\Users\S Sameer\Desktop\Lare-lms\backend\.venv\Lib\site-packages\sqlalchemy\engine\base.py", line 1967, in _exec_single_context
    self.dialect.do_execute(
    ~~~~~~~~~~~~~~~~~~~~~~~^
        cursor, str_statement, effective_parameters, context
        ^^^^^^^^^^^^^^^^^^^^^^^^^^^^^^^^^^^^^^^^^^^^^^^^^^^^
    )
    ^
  File "C:\Users\S Sameer\Desktop\Lare-lms\backend\.venv\Lib\site-packages\sqlalchemy\engine\default.py", line 941, in do_execute
    cursor.execute(statement, parameters)
    ~~~~~~~~~~~~~~^^^^^^^^^^^^^^^^^^^^^^^
  File "C:\Users\S Sameer\Desktop\Lare-lms\backend\.venv\Lib\site-packages\psycopg\cursor.py", line 97, in execute
    raise ex.with_traceback(None)
sqlalchemy.exc.IntegrityError: (psycopg.errors.UniqueViolation) duplicate key value violates unique constraint "ix_proctor_sessions_exam_session_id"
DETAIL:  Key (exam_session_id)=(7ca71101-23c4-4ad0-bf50-5fc2720e6c0e) already exists.
[SQL: INSERT INTO proctor_sessions (id, exam_session_id, candidate_id, drive_id, fingerprint, ip, browser, violation_score, status, started_at) VALUES (%(id)s::VARCHAR, %(exam_session_id)s::VARCHAR, %(candidate_id)s::VARCHAR, %(drive_id)s::VARCHAR, %(fingerprint)s::VARCHAR, %(ip)s::VARCHAR, %(browser)s::VARCHAR, %(violation_score)s::INTEGER, %(status)s::VARCHAR, %(started_at)s::TIMESTAMP WITH TIME ZONE)]
[parameters: {'id': 'c413f5ab-678c-45e9-833d-a96648fcfb29', 'exam_session_id': '7ca71101-23c4-4ad0-bf50-5fc2720e6c0e', 'candidate_id': 'self', 'drive_id': None, 'fingerprint': None, 'ip': None, 'browser': None, 'violation_score': 0, 'status': 'active', 'started_at': datetime.datetime(2026, 7, 28, 17, 33, 48, 160554, tzinfo=datetime.timezone.utc)}]
(Background on this error at: https://sqlalche.me/e/20/gkpj)
{"ts":"2026-07-28 23:14:17,791","svc":"anticheat","level":"INFO","msg":"auto-submit delivered to exam engine: 7ca71101-23c4-4ad0-bf50-5fc2720e6c0e"}
