{"ts":"2026-07-28 22:37:56,556","svc":"audit","level":"INFO","msg":"event bus for audit using backend=http"}
{"ts":"2026-07-28 22:37:56,583","svc":"audit","level":"INFO","msg":"serving on 127.0.0.1:8023 via waitress (threads=16)"}
{"ts":"2026-07-28 22:37:56,591","svc":"audit","level":"INFO","msg":"Serving on http://127.0.0.1:8023"}
{"ts":"2026-07-28 23:14:29,176","svc":"audit","level":"ERROR","msg":"handler error for evaluation.completed"}
Traceback (most recent call last):
  File "C:\Users\S Sameer\Desktop\Lare-lms\backend\.venv\Lib\site-packages\sqlalchemy\engine\base.py", line 1967, in _exec_single_context
    self.dialect.do_execute(
    ~~~~~~~~~~~~~~~~~~~~~~~^
        cursor, str_statement, effective_parameters, context
        ^^^^^^^^^^^^^^^^^^^^^^^^^^^^^^^^^^^^^^^^^^^^^^^^^^^^
    )
    ^
  File "C:\Users\S Sameer\Desktop\Lare-lms\backend\.venv\Lib\site-packages\sqlalchemy\engine\default.py", line 941, in do_execute
    cursor.execute(statement, parameters)
    ~~~~~~~~~~~~~~^^^^^^^^^^^^^^^^^^^^^^^
  File "C:\Users\S Sameer\Desktop\Lare-lms\backend\.venv\Lib\site-packages\psycopg\cursor.py", line 97, in execute
    raise ex.with_traceback(None)
psycopg.errors.UniqueViolation: duplicate key value violates unique constraint "uq_audit_seq"
DETAIL:  Key (partition_key, seq)=(drive:9253c7f1-716f-4aa7-8d29-748afbeacbd6, 264) already exists.

The above exception was the direct cause of the following exception:

Traceback (most recent call last):
  File "C:\Users\S Sameer\Desktop\Lare-lms\backend\libs\lare_common\events.py", line 112, in dispatch
    h(event.payload, event)
    ~^^^^^^^^^^^^^^^^^^^^^^
  File "C:\Users\S Sameer\Desktop\Lare-lms\backend\services\audit\app\events.py", line 27, in on_event
    svc.append(s, data)
    ~~~~~~~~~~^^^^^^^^^
  File "C:\Users\S Sameer\Desktop\Lare-lms\backend\services\audit\app\service.py", line 61, in append
    s.flush()
    ~~~~~~~^^
  File "C:\Users\S Sameer\Desktop\Lare-lms\backend\.venv\Lib\site-packages\sqlalchemy\orm\session.py", line 4352, in flush
    self._flush(objects)
    ~~~~~~~~~~~^^^^^^^^^
  File "C:\Users\S Sameer\Desktop\Lare-lms\backend\.venv\Lib\site-packages\sqlalchemy\orm\session.py", line 4487, in _flush
    with util.safe_reraise():
         ~~~~~~~~~~~~~~~~~^^
  File "C:\Users\S Sameer\Desktop\Lare-lms\backend\.venv\Lib\site-packages\sqlalchemy\util\langhelpers.py", line 146, in __exit__
    raise exc_value.with_traceback(exc_tb)
  File "C:\Users\S Sameer\Desktop\Lare-lms\backend\.venv\Lib\site-packages\sqlalchemy\orm\session.py", line 4448, in _flush
    flush_context.execute()
    ~~~~~~~~~~~~~~~~~~~~~^^
  File "C:\Users\S Sameer\Desktop\Lare-lms\backend\.venv\Lib\site-packages\sqlalchemy\orm\unitofwork.py", line 466, in execute
    rec.execute(self)
    ~~~~~~~~~~~^^^^^^
  File "C:\Users\S Sameer\Desktop\Lare-lms\backend\.venv\Lib\site-packages\sqlalchemy\orm\unitofwork.py", line 642, in execute
    util.preloaded.orm_persistence.save_obj(
    ~~~~~~~~~~~~~~~~~~~~~~~~~~~~~~~~~~~~~~~^
        self.mapper,
        ^^^^^^^^^^^^
        uow.states_for_mapper_hierarchy(self.mapper, False, False),
        ^^^^^^^^^^^^^^^^^^^^^^^^^^^^^^^^^^^^^^^^^^^^^^^^^^^^^^^^^^^
        uow,
        ^^^^
    )
    ^
  File "C:\Users\S Sameer\Desktop\Lare-lms\backend\.venv\Lib\site-packages\sqlalchemy\orm\persistence.py", line 93, in save_obj
    _emit_insert_statements(
    ~~~~~~~~~~~~~~~~~~~~~~~^
        base_mapper,
        ^^^^^^^^^^^^
    ...<3 lines>...
        insert,
        ^^^^^^^
    )
    ^
  File "C:\Users\S Sameer\Desktop\Lare-lms\backend\.venv\Lib\site-packages\sqlalchemy\orm\persistence.py", line 1048, in _emit_insert_statements
    result = connection.execute(
        statement, multiparams, execution_options=execution_options
    )
  File "C:\Users\S Sameer\Desktop\Lare-lms\backend\.venv\Lib\site-packages\sqlalchemy\engine\base.py", line 1418, in execute
    return meth(
        self,
        distilled_parameters,
        execution_options or NO_OPTIONS,
    )
  File "C:\Users\S Sameer\Desktop\Lare-lms\backend\.venv\Lib\site-packages\sqlalchemy\sql\elements.py", line 515, in _execute_on_connection
    return connection._execute_clauseelement(
           ~~~~~~~~~~~~~~~~~~~~~~~~~~~~~~~~~^
        self, distilled_params, execution_options
        ^^^^^^^^^^^^^^^^^^^^^^^^^^^^^^^^^^^^^^^^^
    )
    ^
  File "C:\Users\S Sameer\Desktop\Lare-lms\backend\.venv\Lib\site-packages\sqlalchemy\engine\base.py", line 1640, in _execute_clauseelement
    ret = self._execute_context(
        dialect,
    ...<8 lines>...
        cache_hit=cache_hit,
    )
  File "C:\Users\S Sameer\Desktop\Lare-lms\backend\.venv\Lib\site-packages\sqlalchemy\engine\base.py", line 1846, in _execute_context
    return self._exec_single_context(
           ~~~~~~~~~~~~~~~~~~~~~~~~~^
        dialect, context, statement, parameters
        ^^^^^^^^^^^^^^^^^^^^^^^^^^^^^^^^^^^^^^^
    )
    ^
  File "C:\Users\S Sameer\Desktop\Lare-lms\backend\.venv\Lib\site-packages\sqlalchemy\engine\base.py", line 1986, in _exec_single_context
    self._handle_dbapi_exception(
    ~~~~~~~~~~~~~~~~~~~~~~~~~~~~^
        e, str_statement, effective_parameters, cursor, context
        ^^^^^^^^^^^^^^^^^^^^^^^^^^^^^^^^^^^^^^^^^^^^^^^^^^^^^^^
    )
    ^
  File "C:\Users\S Sameer\Desktop\Lare-lms\backend\.venv\Lib\site-packages\sqlalchemy\engine\base.py", line 2355, in _handle_dbapi_exception
    raise sqlalchemy_exception.with_traceback(exc_info[2]) from e
  File "C:\Users\S Sameer\Desktop\Lare-lms\backend\.venv\Lib\site-packages\sqlalchemy\engine\base.py", line 1967, in _exec_single_context
    self.dialect.do_execute(
    ~~~~~~~~~~~~~~~~~~~~~~~^
        cursor, str_statement, effective_parameters, context
        ^^^^^^^^^^^^^^^^^^^^^^^^^^^^^^^^^^^^^^^^^^^^^^^^^^^^
    )
    ^
  File "C:\Users\S Sameer\Desktop\Lare-lms\backend\.venv\Lib\site-packages\sqlalchemy\engine\default.py", line 941, in do_execute
    cursor.execute(statement, parameters)
    ~~~~~~~~~~~~~~^^^^^^^^^^^^^^^^^^^^^^^
  File "C:\Users\S Sameer\Desktop\Lare-lms\backend\.venv\Lib\site-packages\psycopg\cursor.py", line 97, in execute
    raise ex.with_traceback(None)
sqlalchemy.exc.IntegrityError: (psycopg.errors.UniqueViolation) duplicate key value violates unique constraint "uq_audit_seq"
DETAIL:  Key (partition_key, seq)=(drive:9253c7f1-716f-4aa7-8d29-748afbeacbd6, 264) already exists.
[SQL: INSERT INTO audit_logs (id, partition_key, seq, ts, actor_type, actor_id, action, entity_type, entity_id, meta, ip, device, correlation_id, prev_hash, hash) VALUES (%(id)s::VARCHAR, %(partition_key)s::VARCHAR, %(seq)s::INTEGER, %(ts)s::TIMESTAMP WITH TIME ZONE, %(actor_type)s::VARCHAR, %(actor_id)s::VARCHAR, %(action)s::VARCHAR, %(entity_type)s::VARCHAR, %(entity_id)s::VARCHAR, %(meta)s::JSON, %(ip)s::VARCHAR, %(device)s::VARCHAR, %(correlation_id)s::VARCHAR, %(prev_hash)s::VARCHAR, %(hash)s::VARCHAR)]
[parameters: {'id': 'a738ec1e-006f-4d2b-8e64-283ef8539e1b', 'partition_key': 'drive:9253c7f1-716f-4aa7-8d29-748afbeacbd6', 'seq': 264, 'ts': datetime.datetime(2026, 7, 28, 17, 44, 28, 609831, tzinfo=datetime.timezone.utc), 'actor_type': 'service', 'actor_id': 'evaluation', 'action': 'evaluation.completed', 'entity_type': 'event', 'entity_id': '7ca71101-23c4-4ad0-bf50-5fc2720e6c0e', 'meta': Json({'exam_id': 'cb19fef1-db0d-49d0-91c ... (451 chars)), 'ip': None, 'device': None, 'correlation_id': '1944ee94-60cc-4765-a5b6-32715e66e386', 'prev_hash': '6c4ef8fc8a1b43ae7a54b9bbe4f4ef84ebcbc8a973a2bc59d60d94bcc8418307', 'hash': '5301688bdc5c99017a7f2d53e01b53e2180ede37b90ff2adebb509cc948794e6'}]
(Background on this error at: https://sqlalche.me/e/20/gkpj)
