  loaded secrets from .env
  started auth             :8001  pid 22576
  started institution      :8002  pid 796
  started learner          :8003  pid 20548
  started curriculum       :8004  pid 25276
  started content          :8005  pid 24620
  started progress         :8006  pid 14460
  started assessment       :8007  pid 23776
  started gamification     :8008  pid 24828
  started certification    :8009  pid 27732
  started candidate        :8010  pid 25624
  started drive            :8011  pid 26292
  started questionbank     :8012  pid 2844
  started exam             :8013  pid 26360
  started submission       :8014  pid 23836
  started anticheat        :8015  pid 27900
  started coding           :8016  pid 27088
  started evaluation       :8017  pid 12444
  started interview        :8018  pid 19840
  started result           :8019  pid 25448
  started notification     :8020  pid 2484
  started files            :8021  pid 24772
  started analytics        :8022  pid 2868
  started audit            :8023  pid 7516
  started ai_orchestration :8024  pid 23784
  started ai_tutor         :8025  pid 28088
  started organization     :8026  pid 15044
  started gateway          :8000  pid 21984

All requested services launched. Gateway: http://127.0.0.1:8000/health
Logs in backend/.run/*.log   Stop with ./stop-all.ps1
