{"ts":"2026-07-25 11:42:08,417","svc":"notification","level":"INFO","msg":"event bus for notification using backend=http"}
{"ts":"2026-07-25 11:42:08,444","svc":"notification","level":"INFO","msg":"serving on 127.0.0.1:8020 via waitress (threads=16)"}
{"ts":"2026-07-25 11:42:08,456","svc":"notification","level":"INFO","msg":"Serving on http://127.0.0.1:8020"}
{"ts":"2026-07-25 15:15:36,337","svc":"notification","level":"ERROR","msg":"Unhandled error: (psycopg.errors.UniqueViolation) duplicate key value violates unique constraint "uq_preference"
DETAIL:  Key (user_id, channel)=(bd62084e-47e9-42ee-9238-76ca7d9fd351, email) already exists.
[SQL: INSERT INTO preferences (id, user_id, channel, enabled) VALUES (%(id)s::VARCHAR, %(user_id)s::VARCHAR, %(channel)s::VARCHAR, %(enabled)s)]
[parameters: {'id': '56facc2c-8622-4873-b9cd-c81d703c4b43', 'user_id': 'bd62084e-47e9-42ee-9238-76ca7d9fd351', 'channel': 'email', 'enabled': True}]
(Background on this error at: https://sqlalche.me/e/20/gkpj)"}
Traceback (most recent call last):
  File "C:\Users\S Sameer\Desktop\Lare-lms\backend\.venv\Lib\site-packages\sqlalchemy\engine\base.py", line 1967, in _exec_single_context
    self.dialect.do_execute(
    ~~~~~~~~~~~~~~~~~~~~~~~^
        cursor, str_statement, effective_parameters, context
        ^^^^^^^^^^^^^^^^^^^^^^^^^^^^^^^^^^^^^^^^^^^^^^^^^^^^
    )
    ^
  File "C:\Users\S Sameer\Desktop\Lare-lms\backend\.venv\Lib\site-packages\sqlalchemy\engine\default.py", line 941, in do_execute
    cursor.execute(statement, parameters)
    ~~~~~~~~~~~~~~^^^^^^^^^^^^^^^^^^^^^^^
  File "C:\Users\S Sameer\Desktop\Lare-lms\backend\.venv\Lib\site-packages\psycopg\cursor.py", line 97, in execute
    raise ex.with_traceback(None)
psycopg.errors.UniqueViolation: duplicate key value violates unique constraint "uq_preference"
DETAIL:  Key (user_id, channel)=(bd62084e-47e9-42ee-9238-76ca7d9fd351, email) already exists.

The above exception was the direct cause of the following exception:

Traceback (most recent call last):
  File "C:\Users\S Sameer\Desktop\Lare-lms\backend\.venv\Lib\site-packages\flask\app.py", line 917, in full_dispatch_request
    rv = self.dispatch_request()
  File "C:\Users\S Sameer\Desktop\Lare-lms\backend\.venv\Lib\site-packages\flask\app.py", line 902, in dispatch_request
    return self.ensure_sync(self.view_functions[rule.endpoint])(**view_args)  # type: ignore[no-any-return]
           ~~~~~~~~~~~~~~~~~~~~~~~~~~~~~~~~~~~~~~~~~~~~~~~~~~~~^^^^^^^^^^^^^
  File "C:\Users\S Sameer\Desktop\Lare-lms\backend\services\notification\app\routes.py", line 104, in set_preference
    return ok(_svc().set_preference(s, ident.user_id, data.channel, data.enabled))
              ~~~~~~~~~~~~~~~~~~~~~^^^^^^^^^^^^^^^^^^^^^^^^^^^^^^^^^^^^^^^^^^^^^^
  File "C:\Users\S Sameer\Desktop\Lare-lms\backend\services\notification\app\service.py", line 81, in set_preference
    s.flush()
    ~~~~~~~^^
  File "C:\Users\S Sameer\Desktop\Lare-lms\backend\.venv\Lib\site-packages\sqlalchemy\orm\session.py", line 4352, in flush
    self._flush(objects)
    ~~~~~~~~~~~^^^^^^^^^
  File "C:\Users\S Sameer\Desktop\Lare-lms\backend\.venv\Lib\site-packages\sqlalchemy\orm\session.py", line 4487, in _flush
    with util.safe_reraise():
         ~~~~~~~~~~~~~~~~~^^
  File "C:\Users\S Sameer\Desktop\Lare-lms\backend\.venv\Lib\site-packages\sqlalchemy\util\langhelpers.py", line 146, in __exit__
    raise exc_value.with_traceback(exc_tb)
  File "C:\Users\S Sameer\Desktop\Lare-lms\backend\.venv\Lib\site-packages\sqlalchemy\orm\session.py", line 4448, in _flush
    flush_context.execute()
    ~~~~~~~~~~~~~~~~~~~~~^^
  File "C:\Users\S Sameer\Desktop\Lare-lms\backend\.venv\Lib\site-packages\sqlalchemy\orm\unitofwork.py", line 466, in execute
    rec.execute(self)
    ~~~~~~~~~~~^^^^^^
  File "C:\Users\S Sameer\Desktop\Lare-lms\backend\.venv\Lib\site-packages\sqlalchemy\orm\unitofwork.py", line 642, in execute
    util.preloaded.orm_persistence.save_obj(
    ~~~~~~~~~~~~~~~~~~~~~~~~~~~~~~~~~~~~~~~^
        self.mapper,
        ^^^^^^^^^^^^
        uow.states_for_mapper_hierarchy(self.mapper, False, False),
        ^^^^^^^^^^^^^^^^^^^^^^^^^^^^^^^^^^^^^^^^^^^^^^^^^^^^^^^^^^^
        uow,
        ^^^^
    )
    ^
  File "C:\Users\S Sameer\Desktop\Lare-lms\backend\.venv\Lib\site-packages\sqlalchemy\orm\persistence.py", line 93, in save_obj
    _emit_insert_statements(
    ~~~~~~~~~~~~~~~~~~~~~~~^
        base_mapper,
        ^^^^^^^^^^^^
    ...<3 lines>...
        insert,
        ^^^^^^^
    )
    ^
  File "C:\Users\S Sameer\Desktop\Lare-lms\backend\.venv\Lib\site-packages\sqlalchemy\orm\persistence.py", line 1048, in _emit_insert_statements
    result = connection.execute(
        statement, multiparams, execution_options=execution_options
    )
  File "C:\Users\S Sameer\Desktop\Lare-lms\backend\.venv\Lib\site-packages\sqlalchemy\engine\base.py", line 1418, in execute
    return meth(
        self,
        distilled_parameters,
        execution_options or NO_OPTIONS,
    )
  File "C:\Users\S Sameer\Desktop\Lare-lms\backend\.venv\Lib\site-packages\sqlalchemy\sql\elements.py", line 515, in _execute_on_connection
    return connection._execute_clauseelement(
           ~~~~~~~~~~~~~~~~~~~~~~~~~~~~~~~~~^
        self, distilled_params, execution_options
        ^^^^^^^^^^^^^^^^^^^^^^^^^^^^^^^^^^^^^^^^^
    )
    ^
  File "C:\Users\S Sameer\Desktop\Lare-lms\backend\.venv\Lib\site-packages\sqlalchemy\engine\base.py", line 1640, in _execute_clauseelement
    ret = self._execute_context(
        dialect,
    ...<8 lines>...
        cache_hit=cache_hit,
    )
  File "C:\Users\S Sameer\Desktop\Lare-lms\backend\.venv\Lib\site-packages\sqlalchemy\engine\base.py", line 1846, in _execute_context
    return self._exec_single_context(
           ~~~~~~~~~~~~~~~~~~~~~~~~~^
        dialect, context, statement, parameters
        ^^^^^^^^^^^^^^^^^^^^^^^^^^^^^^^^^^^^^^^
    )
    ^
  File "C:\Users\S Sameer\Desktop\Lare-lms\backend\.venv\Lib\site-packages\sqlalchemy\engine\base.py", line 1986, in _exec_single_context
    self._handle_dbapi_exception(
    ~~~~~~~~~~~~~~~~~~~~~~~~~~~~^
        e, str_statement, effective_parameters, cursor, context
        ^^^^^^^^^^^^^^^^^^^^^^^^^^^^^^^^^^^^^^^^^^^^^^^^^^^^^^^
    )
    ^
  File "C:\Users\S Sameer\Desktop\Lare-lms\backend\.venv\Lib\site-packages\sqlalchemy\engine\base.py", line 2355, in _handle_dbapi_exception
    raise sqlalchemy_exception.with_traceback(exc_info[2]) from e
  File "C:\Users\S Sameer\Desktop\Lare-lms\backend\.venv\Lib\site-packages\sqlalchemy\engine\base.py", line 1967, in _exec_single_context
    self.dialect.do_execute(
    ~~~~~~~~~~~~~~~~~~~~~~~^
        cursor, str_statement, effective_parameters, context
        ^^^^^^^^^^^^^^^^^^^^^^^^^^^^^^^^^^^^^^^^^^^^^^^^^^^^
    )
    ^
  File "C:\Users\S Sameer\Desktop\Lare-lms\backend\.venv\Lib\site-packages\sqlalchemy\engine\default.py", line 941, in do_execute
    cursor.execute(statement, parameters)
    ~~~~~~~~~~~~~~^^^^^^^^^^^^^^^^^^^^^^^
  File "C:\Users\S Sameer\Desktop\Lare-lms\backend\.venv\Lib\site-packages\psycopg\cursor.py", line 97, in execute
    raise ex.with_traceback(None)
sqlalchemy.exc.IntegrityError: (psycopg.errors.UniqueViolation) duplicate key value violates unique constraint "uq_preference"
DETAIL:  Key (user_id, channel)=(bd62084e-47e9-42ee-9238-76ca7d9fd351, email) already exists.
[SQL: INSERT INTO preferences (id, user_id, channel, enabled) VALUES (%(id)s::VARCHAR, %(user_id)s::VARCHAR, %(channel)s::VARCHAR, %(enabled)s)]
[parameters: {'id': '56facc2c-8622-4873-b9cd-c81d703c4b43', 'user_id': 'bd62084e-47e9-42ee-9238-76ca7d9fd351', 'channel': 'email', 'enabled': True}]
(Background on this error at: https://sqlalche.me/e/20/gkpj)
{"ts":"2026-07-25 15:29:50,852","svc":"notification","level":"ERROR","msg":"Unhandled error: (psycopg.OperationalError) connection failed: connection to server at "13.238.183.126", port 5432 failed: FATAL:  remaining connection slots are reserved for roles with the SUPERUSER attribute
(Background on this error at: https://sqlalche.me/e/20/e3q8)"}
Traceback (most recent call last):
  File "C:\Users\S Sameer\Desktop\Lare-lms\backend\.venv\Lib\site-packages\sqlalchemy\pool\base.py", line 1310, in _checkout
    raise exc.InvalidatePoolError()
sqlalchemy.exc.InvalidatePoolError: ()

During handling of the above exception, another exception occurred:

Traceback (most recent call last):
  File "C:\Users\S Sameer\Desktop\Lare-lms\backend\.venv\Lib\site-packages\sqlalchemy\engine\base.py", line 146, in __init__
    self._dbapi_connection = engine.raw_connection()
                             ~~~~~~~~~~~~~~~~~~~~~^^
  File "C:\Users\S Sameer\Desktop\Lare-lms\backend\.venv\Lib\site-packages\sqlalchemy\engine\base.py", line 3302, in raw_connection
    return self.pool.connect()
           ~~~~~~~~~~~~~~~~~^^
  File "C:\Users\S Sameer\Desktop\Lare-lms\backend\.venv\Lib\site-packages\sqlalchemy\pool\base.py", line 449, in connect
    return _ConnectionFairy._checkout(self)
           ~~~~~~~~~~~~~~~~~~~~~~~~~~^^^^^^
  File "C:\Users\S Sameer\Desktop\Lare-lms\backend\.venv\Lib\site-packages\sqlalchemy\pool\base.py", line 1344, in _checkout
    with util.safe_reraise():
         ~~~~~~~~~~~~~~~~~^^
  File "C:\Users\S Sameer\Desktop\Lare-lms\backend\.venv\Lib\site-packages\sqlalchemy\util\langhelpers.py", line 146, in __exit__
    raise exc_value.with_traceback(exc_tb)
  File "C:\Users\S Sameer\Desktop\Lare-lms\backend\.venv\Lib\site-packages\sqlalchemy\pool\base.py", line 1341, in _checkout
    fairy._connection_record.get_connection()
    ~~~~~~~~~~~~~~~~~~~~~~~~~~~~~~~~~~~~~~~^^
  File "C:\Users\S Sameer\Desktop\Lare-lms\backend\.venv\Lib\site-packages\sqlalchemy\pool\base.py", line 837, in get_connection
    self.__connect()
    ~~~~~~~~~~~~~~^^
  File "C:\Users\S Sameer\Desktop\Lare-lms\backend\.venv\Lib\site-packages\sqlalchemy\pool\base.py", line 900, in __connect
    with util.safe_reraise():
         ~~~~~~~~~~~~~~~~~^^
  File "C:\Users\S Sameer\Desktop\Lare-lms\backend\.venv\Lib\site-packages\sqlalchemy\util\langhelpers.py", line 146, in __exit__
    raise exc_value.with_traceback(exc_tb)
  File "C:\Users\S Sameer\Desktop\Lare-lms\backend\.venv\Lib\site-packages\sqlalchemy\pool\base.py", line 896, in __connect
    self.dbapi_connection = connection = pool._invoke_creator(self)
                                         ~~~~~~~~~~~~~~~~~~~~^^^^^^
  File "C:\Users\S Sameer\Desktop\Lare-lms\backend\.venv\Lib\site-packages\sqlalchemy\engine\create.py", line 643, in connect
    return dialect.connect(*cargs, **cparams)
           ~~~~~~~~~~~~~~~^^^^^^^^^^^^^^^^^^^
  File "C:\Users\S Sameer\Desktop\Lare-lms\backend\.venv\Lib\site-packages\sqlalchemy\engine\default.py", line 621, in connect
    return self.loaded_dbapi.connect(*cargs, **cparams)
           ~~~~~~~~~~~~~~~~~~~~~~~~~^^^^^^^^^^^^^^^^^^^
  File "C:\Users\S Sameer\Desktop\Lare-lms\backend\.venv\Lib\site-packages\psycopg\connection.py", line 119, in connect
    raise last_ex.with_traceback(None)
psycopg.OperationalError: connection failed: connection to server at "13.238.183.126", port 5432 failed: FATAL:  remaining connection slots are reserved for roles with the SUPERUSER attribute

The above exception was the direct cause of the following exception:

Traceback (most recent call last):
  File "C:\Users\S Sameer\Desktop\Lare-lms\backend\.venv\Lib\site-packages\flask\app.py", line 917, in full_dispatch_request
    rv = self.dispatch_request()
  File "C:\Users\S Sameer\Desktop\Lare-lms\backend\.venv\Lib\site-packages\flask\app.py", line 902, in dispatch_request
    return self.ensure_sync(self.view_functions[rule.endpoint])(**view_args)  # type: ignore[no-any-return]
           ~~~~~~~~~~~~~~~~~~~~~~~~~~~~~~~~~~~~~~~~~~~~~~~~~~~~^^^^^^^^^^^^^
  File "C:\Users\S Sameer\Desktop\Lare-lms\backend\services\notification\app\routes.py", line 82, in inbox
    return ok(_svc().inbox(s, ident.user_id, unread_only=unread))
              ~~~~~~~~~~~~^^^^^^^^^^^^^^^^^^^^^^^^^^^^^^^^^^^^^^
  File "C:\Users\S Sameer\Desktop\Lare-lms\backend\services\notification\app\service.py", line 231, in inbox
    rows = s.execute(q.limit(100)).scalars().all()
           ~~~~~~~~~^^^^^^^^^^^^^^
  File "C:\Users\S Sameer\Desktop\Lare-lms\backend\.venv\Lib\site-packages\sqlalchemy\orm\session.py", line 2362, in execute
    return self._execute_internal(
           ~~~~~~~~~~~~~~~~~~~~~~^
        statement,
        ^^^^^^^^^^
    ...<4 lines>...
        _add_event=_add_event,
        ^^^^^^^^^^^^^^^^^^^^^^
    )
    ^
  File "C:\Users\S Sameer\Desktop\Lare-lms\backend\.venv\Lib\site-packages\sqlalchemy\orm\session.py", line 2237, in _execute_internal
    conn = self._connection_for_bind(bind)
  File "C:\Users\S Sameer\Desktop\Lare-lms\backend\.venv\Lib\site-packages\sqlalchemy\orm\session.py", line 2106, in _connection_for_bind
    return trans._connection_for_bind(engine, execution_options)
           ~~~~~~~~~~~~~~~~~~~~~~~~~~^^^^^^^^^^^^^^^^^^^^^^^^^^^
  File "<string>", line 2, in _connection_for_bind
  File "C:\Users\S Sameer\Desktop\Lare-lms\backend\.venv\Lib\site-packages\sqlalchemy\orm\state_changes.py", line 139, in _go
    ret_value = fn(self, *arg, **kw)
  File "C:\Users\S Sameer\Desktop\Lare-lms\backend\.venv\Lib\site-packages\sqlalchemy\orm\session.py", line 1189, in _connection_for_bind
    conn = bind.connect()
  File "C:\Users\S Sameer\Desktop\Lare-lms\backend\.venv\Lib\site-packages\sqlalchemy\engine\base.py", line 3278, in connect
    return self._connection_cls(self)
           ~~~~~~~~~~~~~~~~~~~~^^^^^^
  File "C:\Users\S Sameer\Desktop\Lare-lms\backend\.venv\Lib\site-packages\sqlalchemy\engine\base.py", line 148, in __init__
    Connection._handle_dbapi_exception_noconnection(
    ~~~~~~~~~~~~~~~~~~~~~~~~~~~~~~~~~~~~~~~~~~~~~~~^
        err, dialect, engine
        ^^^^^^^^^^^^^^^^^^^^
    )
    ^
  File "C:\Users\S Sameer\Desktop\Lare-lms\backend\.venv\Lib\site-packages\sqlalchemy\engine\base.py", line 2442, in _handle_dbapi_exception_noconnection
    raise sqlalchemy_exception.with_traceback(exc_info[2]) from e
  File "C:\Users\S Sameer\Desktop\Lare-lms\backend\.venv\Lib\site-packages\sqlalchemy\engine\base.py", line 146, in __init__
    self._dbapi_connection = engine.raw_connection()
                             ~~~~~~~~~~~~~~~~~~~~~^^
  File "C:\Users\S Sameer\Desktop\Lare-lms\backend\.venv\Lib\site-packages\sqlalchemy\engine\base.py", line 3302, in raw_connection
    return self.pool.connect()
           ~~~~~~~~~~~~~~~~~^^
  File "C:\Users\S Sameer\Desktop\Lare-lms\backend\.venv\Lib\site-packages\sqlalchemy\pool\base.py", line 449, in connect
    return _ConnectionFairy._checkout(self)
           ~~~~~~~~~~~~~~~~~~~~~~~~~~^^^^^^
  File "C:\Users\S Sameer\Desktop\Lare-lms\backend\.venv\Lib\site-packages\sqlalchemy\pool\base.py", line 1344, in _checkout
    with util.safe_reraise():
         ~~~~~~~~~~~~~~~~~^^
  File "C:\Users\S Sameer\Desktop\Lare-lms\backend\.venv\Lib\site-packages\sqlalchemy\util\langhelpers.py", line 146, in __exit__
    raise exc_value.with_traceback(exc_tb)
  File "C:\Users\S Sameer\Desktop\Lare-lms\backend\.venv\Lib\site-packages\sqlalchemy\pool\base.py", line 1341, in _checkout
    fairy._connection_record.get_connection()
    ~~~~~~~~~~~~~~~~~~~~~~~~~~~~~~~~~~~~~~~^^
  File "C:\Users\S Sameer\Desktop\Lare-lms\backend\.venv\Lib\site-packages\sqlalchemy\pool\base.py", line 837, in get_connection
    self.__connect()
    ~~~~~~~~~~~~~~^^
  File "C:\Users\S Sameer\Desktop\Lare-lms\backend\.venv\Lib\site-packages\sqlalchemy\pool\base.py", line 900, in __connect
    with util.safe_reraise():
         ~~~~~~~~~~~~~~~~~^^
  File "C:\Users\S Sameer\Desktop\Lare-lms\backend\.venv\Lib\site-packages\sqlalchemy\util\langhelpers.py", line 146, in __exit__
    raise exc_value.with_traceback(exc_tb)
  File "C:\Users\S Sameer\Desktop\Lare-lms\backend\.venv\Lib\site-packages\sqlalchemy\pool\base.py", line 896, in __connect
    self.dbapi_connection = connection = pool._invoke_creator(self)
                                         ~~~~~~~~~~~~~~~~~~~~^^^^^^
  File "C:\Users\S Sameer\Desktop\Lare-lms\backend\.venv\Lib\site-packages\sqlalchemy\engine\create.py", line 643, in connect
    return dialect.connect(*cargs, **cparams)
           ~~~~~~~~~~~~~~~^^^^^^^^^^^^^^^^^^^
  File "C:\Users\S Sameer\Desktop\Lare-lms\backend\.venv\Lib\site-packages\sqlalchemy\engine\default.py", line 621, in connect
    return self.loaded_dbapi.connect(*cargs, **cparams)
           ~~~~~~~~~~~~~~~~~~~~~~~~~^^^^^^^^^^^^^^^^^^^
  File "C:\Users\S Sameer\Desktop\Lare-lms\backend\.venv\Lib\site-packages\psycopg\connection.py", line 119, in connect
    raise last_ex.with_traceback(None)
sqlalchemy.exc.OperationalError: (psycopg.OperationalError) connection failed: connection to server at "13.238.183.126", port 5432 failed: FATAL:  remaining connection slots are reserved for roles with the SUPERUSER attribute
(Background on this error at: https://sqlalche.me/e/20/e3q8)
{"ts":"2026-07-25 15:29:53,900","svc":"notification","level":"ERROR","msg":"Unhandled error: (psycopg.OperationalError) connection failed: connection to server at "13.238.183.126", port 5432 failed: FATAL:  remaining connection slots are reserved for roles with the SUPERUSER attribute
(Background on this error at: https://sqlalche.me/e/20/e3q8)"}
Traceback (most recent call last):
  File "C:\Users\S Sameer\Desktop\Lare-lms\backend\.venv\Lib\site-packages\sqlalchemy\engine\base.py", line 146, in __init__
    self._dbapi_connection = engine.raw_connection()
                             ~~~~~~~~~~~~~~~~~~~~~^^
  File "C:\Users\S Sameer\Desktop\Lare-lms\backend\.venv\Lib\site-packages\sqlalchemy\engine\base.py", line 3302, in raw_connection
    return self.pool.connect()
           ~~~~~~~~~~~~~~~~~^^
  File "C:\Users\S Sameer\Desktop\Lare-lms\backend\.venv\Lib\site-packages\sqlalchemy\pool\base.py", line 449, in connect
    return _ConnectionFairy._checkout(self)
           ~~~~~~~~~~~~~~~~~~~~~~~~~~^^^^^^
  File "C:\Users\S Sameer\Desktop\Lare-lms\backend\.venv\Lib\site-packages\sqlalchemy\pool\base.py", line 1263, in _checkout
    fairy = _ConnectionRecord.checkout(pool)
  File "C:\Users\S Sameer\Desktop\Lare-lms\backend\.venv\Lib\site-packages\sqlalchemy\pool\base.py", line 717, in checkout
    with util.safe_reraise():
         ~~~~~~~~~~~~~~~~~^^
  File "C:\Users\S Sameer\Desktop\Lare-lms\backend\.venv\Lib\site-packages\sqlalchemy\util\langhelpers.py", line 146, in __exit__
    raise exc_value.with_traceback(exc_tb)
  File "C:\Users\S Sameer\Desktop\Lare-lms\backend\.venv\Lib\site-packages\sqlalchemy\pool\base.py", line 715, in checkout
    dbapi_connection = rec.get_connection()
  File "C:\Users\S Sameer\Desktop\Lare-lms\backend\.venv\Lib\site-packages\sqlalchemy\pool\base.py", line 866, in get_connection
    self.__connect()
    ~~~~~~~~~~~~~~^^
  File "C:\Users\S Sameer\Desktop\Lare-lms\backend\.venv\Lib\site-packages\sqlalchemy\pool\base.py", line 900, in __connect
    with util.safe_reraise():
         ~~~~~~~~~~~~~~~~~^^
  File "C:\Users\S Sameer\Desktop\Lare-lms\backend\.venv\Lib\site-packages\sqlalchemy\util\langhelpers.py", line 146, in __exit__
    raise exc_value.with_traceback(exc_tb)
  File "C:\Users\S Sameer\Desktop\Lare-lms\backend\.venv\Lib\site-packages\sqlalchemy\pool\base.py", line 896, in __connect
    self.dbapi_connection = connection = pool._invoke_creator(self)
                                         ~~~~~~~~~~~~~~~~~~~~^^^^^^
  File "C:\Users\S Sameer\Desktop\Lare-lms\backend\.venv\Lib\site-packages\sqlalchemy\engine\create.py", line 643, in connect
    return dialect.connect(*cargs, **cparams)
           ~~~~~~~~~~~~~~~^^^^^^^^^^^^^^^^^^^
  File "C:\Users\S Sameer\Desktop\Lare-lms\backend\.venv\Lib\site-packages\sqlalchemy\engine\default.py", line 621, in connect
    return self.loaded_dbapi.connect(*cargs, **cparams)
           ~~~~~~~~~~~~~~~~~~~~~~~~~^^^^^^^^^^^^^^^^^^^
  File "C:\Users\S Sameer\Desktop\Lare-lms\backend\.venv\Lib\site-packages\psycopg\connection.py", line 119, in connect
    raise last_ex.with_traceback(None)
psycopg.OperationalError: connection failed: connection to server at "13.238.183.126", port 5432 failed: FATAL:  remaining connection slots are reserved for roles with the SUPERUSER attribute

The above exception was the direct cause of the following exception:

Traceback (most recent call last):
  File "C:\Users\S Sameer\Desktop\Lare-lms\backend\.venv\Lib\site-packages\flask\app.py", line 917, in full_dispatch_request
    rv = self.dispatch_request()
  File "C:\Users\S Sameer\Desktop\Lare-lms\backend\.venv\Lib\site-packages\flask\app.py", line 902, in dispatch_request
    return self.ensure_sync(self.view_functions[rule.endpoint])(**view_args)  # type: ignore[no-any-return]
           ~~~~~~~~~~~~~~~~~~~~~~~~~~~~~~~~~~~~~~~~~~~~~~~~~~~~^^^^^^^^^^^^^
  File "C:\Users\S Sameer\Desktop\Lare-lms\backend\services\notification\app\routes.py", line 82, in inbox
    return ok(_svc().inbox(s, ident.user_id, unread_only=unread))
              ~~~~~~~~~~~~^^^^^^^^^^^^^^^^^^^^^^^^^^^^^^^^^^^^^^
  File "C:\Users\S Sameer\Desktop\Lare-lms\backend\services\notification\app\service.py", line 231, in inbox
    rows = s.execute(q.limit(100)).scalars().all()
           ~~~~~~~~~^^^^^^^^^^^^^^
  File "C:\Users\S Sameer\Desktop\Lare-lms\backend\.venv\Lib\site-packages\sqlalchemy\orm\session.py", line 2362, in execute
    return self._execute_internal(
           ~~~~~~~~~~~~~~~~~~~~~~^
        statement,
        ^^^^^^^^^^
    ...<4 lines>...
        _add_event=_add_event,
        ^^^^^^^^^^^^^^^^^^^^^^
    )
    ^
  File "C:\Users\S Sameer\Desktop\Lare-lms\backend\.venv\Lib\site-packages\sqlalchemy\orm\session.py", line 2237, in _execute_internal
    conn = self._connection_for_bind(bind)
  File "C:\Users\S Sameer\Desktop\Lare-lms\backend\.venv\Lib\site-packages\sqlalchemy\orm\session.py", line 2106, in _connection_for_bind
    return trans._connection_for_bind(engine, execution_options)
           ~~~~~~~~~~~~~~~~~~~~~~~~~~^^^^^^^^^^^^^^^^^^^^^^^^^^^
  File "<string>", line 2, in _connection_for_bind
  File "C:\Users\S Sameer\Desktop\Lare-lms\backend\.venv\Lib\site-packages\sqlalchemy\orm\state_changes.py", line 139, in _go
    ret_value = fn(self, *arg, **kw)
  File "C:\Users\S Sameer\Desktop\Lare-lms\backend\.venv\Lib\site-packages\sqlalchemy\orm\session.py", line 1189, in _connection_for_bind
    conn = bind.connect()
  File "C:\Users\S Sameer\Desktop\Lare-lms\backend\.venv\Lib\site-packages\sqlalchemy\engine\base.py", line 3278, in connect
    return self._connection_cls(self)
           ~~~~~~~~~~~~~~~~~~~~^^^^^^
  File "C:\Users\S Sameer\Desktop\Lare-lms\backend\.venv\Lib\site-packages\sqlalchemy\engine\base.py", line 148, in __init__
    Connection._handle_dbapi_exception_noconnection(
    ~~~~~~~~~~~~~~~~~~~~~~~~~~~~~~~~~~~~~~~~~~~~~~~^
        err, dialect, engine
        ^^^^^^^^^^^^^^^^^^^^
    )
    ^
  File "C:\Users\S Sameer\Desktop\Lare-lms\backend\.venv\Lib\site-packages\sqlalchemy\engine\base.py", line 2442, in _handle_dbapi_exception_noconnection
    raise sqlalchemy_exception.with_traceback(exc_info[2]) from e
  File "C:\Users\S Sameer\Desktop\Lare-lms\backend\.venv\Lib\site-packages\sqlalchemy\engine\base.py", line 146, in __init__
    self._dbapi_connection = engine.raw_connection()
                             ~~~~~~~~~~~~~~~~~~~~~^^
  File "C:\Users\S Sameer\Desktop\Lare-lms\backend\.venv\Lib\site-packages\sqlalchemy\engine\base.py", line 3302, in raw_connection
    return self.pool.connect()
           ~~~~~~~~~~~~~~~~~^^
  File "C:\Users\S Sameer\Desktop\Lare-lms\backend\.venv\Lib\site-packages\sqlalchemy\pool\base.py", line 449, in connect
    return _ConnectionFairy._checkout(self)
           ~~~~~~~~~~~~~~~~~~~~~~~~~~^^^^^^
  File "C:\Users\S Sameer\Desktop\Lare-lms\backend\.venv\Lib\site-packages\sqlalchemy\pool\base.py", line 1263, in _checkout
    fairy = _ConnectionRecord.checkout(pool)
  File "C:\Users\S Sameer\Desktop\Lare-lms\backend\.venv\Lib\site-packages\sqlalchemy\pool\base.py", line 717, in checkout
    with util.safe_reraise():
         ~~~~~~~~~~~~~~~~~^^
  File "C:\Users\S Sameer\Desktop\Lare-lms\backend\.venv\Lib\site-packages\sqlalchemy\util\langhelpers.py", line 146, in __exit__
    raise exc_value.with_traceback(exc_tb)
  File "C:\Users\S Sameer\Desktop\Lare-lms\backend\.venv\Lib\site-packages\sqlalchemy\pool\base.py", line 715, in checkout
    dbapi_connection = rec.get_connection()
  File "C:\Users\S Sameer\Desktop\Lare-lms\backend\.venv\Lib\site-packages\sqlalchemy\pool\base.py", line 866, in get_connection
    self.__connect()
    ~~~~~~~~~~~~~~^^
  File "C:\Users\S Sameer\Desktop\Lare-lms\backend\.venv\Lib\site-packages\sqlalchemy\pool\base.py", line 900, in __connect
    with util.safe_reraise():
         ~~~~~~~~~~~~~~~~~^^
  File "C:\Users\S Sameer\Desktop\Lare-lms\backend\.venv\Lib\site-packages\sqlalchemy\util\langhelpers.py", line 146, in __exit__
    raise exc_value.with_traceback(exc_tb)
  File "C:\Users\S Sameer\Desktop\Lare-lms\backend\.venv\Lib\site-packages\sqlalchemy\pool\base.py", line 896, in __connect
    self.dbapi_connection = connection = pool._invoke_creator(self)
                                         ~~~~~~~~~~~~~~~~~~~~^^^^^^
  File "C:\Users\S Sameer\Desktop\Lare-lms\backend\.venv\Lib\site-packages\sqlalchemy\engine\create.py", line 643, in connect
    return dialect.connect(*cargs, **cparams)
           ~~~~~~~~~~~~~~~^^^^^^^^^^^^^^^^^^^
  File "C:\Users\S Sameer\Desktop\Lare-lms\backend\.venv\Lib\site-packages\sqlalchemy\engine\default.py", line 621, in connect
    return self.loaded_dbapi.connect(*cargs, **cparams)
           ~~~~~~~~~~~~~~~~~~~~~~~~~^^^^^^^^^^^^^^^^^^^
  File "C:\Users\S Sameer\Desktop\Lare-lms\backend\.venv\Lib\site-packages\psycopg\connection.py", line 119, in connect
    raise last_ex.with_traceback(None)
sqlalchemy.exc.OperationalError: (psycopg.OperationalError) connection failed: connection to server at "13.238.183.126", port 5432 failed: FATAL:  remaining connection slots are reserved for roles with the SUPERUSER attribute
(Background on this error at: https://sqlalche.me/e/20/e3q8)
